0: CONST #1
1: CONST #2
2: ADDOP(0)(1)
3: ADDOP(2)(0)
4: CMP(2)(3)
5: BGE(4)(18)
6: CMP(1)(2)
7: BLE(6)(9)
8: BRA(13)
9: NOP
10: CONST #3
11: ADDOP(1)(10)
12: ADDOP(0)(0)
13: NOP
14: PHI(3)(12)
15: PHI(2)(0)
16: PHI(2)(11)
17: BRA(28)
18: NOP
19: CMP(3)(1)
20: BNE(19)(24)
21: ADDOP(1)(10)
22: ADDOP(3)(0)
23: BRA(25)
24: NOP
25: NOP
26: PHI(21)(2)
27: PHI(22)(1)
28: NOP
29: PHI(16)(26)
30: PHI(14)(27)
31: PHI(15)(3)
