0: CONST #1
1: CONST #2
2: ADDOP(0)(1)
3: ADDOP(2)(0)
4: CMP(2)(3)
5: BGE(4)(10)
6: CMP(2)(2)
7: BNE(6)(8)
8: NOP
9: PHI(3)(1)
10: NOP
11: PHI(2)(3)
12: PHI(9)(1)
