0: CONST #1
1: CMP(0)(0)
2: BNE(1)(4)
3: CONST #0
4: NOP
5: PHI(3)(0)
