0: CONST #100
1: CONST #10
2: CMP(1)(0)
3: BEQ(2)(11)
4: MULOP(1)(1)
5: CMP(4)(0)
6: BNE(5)(9)
7: CONST #320
8: ADDOP(4)(7)
9: NOP
10: PHI(8)(4)
11: NOP
12: PHI(10)(1)
