0: CONST #1
1: CONST #2
2: CMP(0)(1)
3: BGE(2)(14)
4: ADDOP(0)(0)
5: CMP(4)(1)
6: BNE(5)(9)
7: ADDOP(1)(0)
8: BRA(11)
9: NOP
10: SUBOP(4)(0)
11: NOP
12: PHI(7)(10)
13: BRA(25)
14: NOP
15: ADDOP(1)(0)
16: CMP(0)(15)
17: BEQ(16)(20)
18: ADDOP(15)(0)
19: BRA(22)
20: NOP
21: ADDOP(15)(0)
22: NOP
23: PHI(18)(0)
24: PHI(15)(21)
25: NOP
26: PHI(4)(23)
27: PHI(12)(24)
